// Vitest Snapshot v1, https://vitest.dev/guide/snapshot.html

exports[`vue-vine-tsc typecheck result > should find lint errors in key-cases.vine.ts 1`] = `
"> check-lint
> eslint .
   21:3   error  Move vine macro to the leading of component function body                                         vue-vine/format-vine-macros-leading
   21:9   error  'p1' is assigned a value but never used. Allowed unused vars must match /^_/u                     unused-imports/no-unused-vars
   22:3   error  Move vine macro to the leading of component function body                                         vue-vine/format-vine-macros-leading
   33:23  error  Child content is disallowed because it will be overwritten by directive v-text                    vue-vine/essentials-no-child-content
   34:23  error  Duplicate attribute 'foo'                                                                         vue-vine/essentials-no-dupe-attributes
   42:19  error  Unexpected string concatenation. Please use template literals                                     vue-vine/format-prefer-template
   46:26  error  Not recommend string concatenation in vine template. Please extract it to a variable or computed  vue-vine/format-prefer-template
   90:9   error  'zee' is assigned a value but never used. Allowed unused vars must match /^_/u                    unused-imports/no-unused-vars
  103:10  error  'TestCompTwo' is defined but never used. Allowed unused vars must match /^_/u                     unused-imports/no-unused-vars
  162:14  error  The key of the <template v-for> should be placed on the <template> tag                            vue-vine/essentials-no-v-for-key-on-child
  176:3   error  Lifecycle hooks should be registered synchronously before await expressions                       vue-vine/essentials-no-lifecycle-hook-after-await
âœ– 11 problems (11 errors, 0 warnings)
  1 error and 0 warnings potentially fixable with the \`--fix\` option."
`;

exports[`vue-vine-tsc typecheck result > should find type errors in key-cases.vine.ts 1`] = `
"
> check-types
> vue-vine-tsc --noEmit

src/fixtures/import-external.vine.ts(6,8): error TS2345: Argument of type '{ zee: string; foo: number; }' is not assignable to parameter of type 'HTMLAttributes & { key?: PropertyKey | undefined; ref?: string | Ref<any, any> | ((ref: Element | ComponentPublicInstance<{}, {}, {}, {}, {}, {}, {}, {}, ... 6 more ..., any> | null, refs: Record<...>) => void) | undefined; } & __VLS_VINE_TestCompOne_props__ & { ...; }'.
  Property ''onClick:comp-one'' is missing in type '{ zee: string; foo: number; }' but required in type '{ 'onClick:comp-one': (args_0: boolean) => void; }'.
src/fixtures/key-cases.vine.ts(34,24): error TS1117: An object literal cannot have multiple properties with the same name.
src/fixtures/key-cases.vine.ts(108,6): error TS2339: Property 'UnknownComp' does not exist on type '{}'.
src/fixtures/key-cases.vine.ts(111,6): error TS2345: Argument of type '{}' is not assignable to parameter of type 'HTMLAttributes & { key?: PropertyKey | undefined; ref?: string | Ref<any, any> | ((ref: Element | ComponentPublicInstance<{}, {}, {}, {}, {}, {}, {}, {}, ... 6 more ..., any> | null, refs: Record<...>) => void) | undefined; } & __VLS_VINE_TestCompOne_props__ & { ...; }'.
  Property 'zee' is missing in type '{}' but required in type '__VLS_VINE_TestCompOne_props__'.
src/fixtures/key-cases.vine.ts(138,6): error TS2345: Argument of type '{ zee: string; foo: number; 'onClick:compOne': any; }' is not assignable to parameter of type 'HTMLAttributes & { key?: PropertyKey | undefined; ref?: string | Ref<any, any> | ((ref: Element | ComponentPublicInstance<{}, {}, {}, {}, {}, {}, {}, {}, ... 6 more ..., any> | null, refs: Record<...>) => void) | undefined; } & __VLS_VINE_TestCompOne_props__ & { ...; }'.
  Property ''onClick:comp-one'' is missing in type '{ zee: string; foo: number; 'onClick:compOne': any; }' but required in type '{ 'onClick:comp-one': (args_0: boolean) => void; }'.
"
`;
