// Vitest Snapshot v1, https://vitest.dev/guide/snapshot.html

exports[`Vine ESLint parser test > [DEV ONLY] Playground 2`] = `
[
  {
    "loc": {
      "end": {
        "column": 8,
        "line": 1,
      },
      "start": {
        "column": 0,
        "line": 1,
      },
    },
    "range": [
      0,
      8,
    ],
    "type": "Keyword",
    "value": "function",
  },
  {
    "loc": {
      "end": {
        "column": 15,
        "line": 1,
      },
      "start": {
        "column": 9,
        "line": 1,
      },
    },
    "range": [
      9,
      15,
    ],
    "type": "Identifier",
    "value": "MyComp",
  },
  {
    "loc": {
      "end": {
        "column": 16,
        "line": 1,
      },
      "start": {
        "column": 15,
        "line": 1,
      },
    },
    "range": [
      15,
      16,
    ],
    "type": "Punctuator",
    "value": "(",
  },
  {
    "loc": {
      "end": {
        "column": 17,
        "line": 1,
      },
      "start": {
        "column": 16,
        "line": 1,
      },
    },
    "range": [
      16,
      17,
    ],
    "type": "Punctuator",
    "value": ")",
  },
  {
    "loc": {
      "end": {
        "column": 19,
        "line": 1,
      },
      "start": {
        "column": 18,
        "line": 1,
      },
    },
    "range": [
      18,
      19,
    ],
    "type": "Punctuator",
    "value": "{",
  },
  {
    "loc": {
      "end": {
        "column": 7,
        "line": 2,
      },
      "start": {
        "column": 2,
        "line": 2,
      },
    },
    "range": [
      22,
      27,
    ],
    "type": "Keyword",
    "value": "const",
  },
  {
    "loc": {
      "end": {
        "column": 10,
        "line": 2,
      },
      "start": {
        "column": 8,
        "line": 2,
      },
    },
    "range": [
      28,
      30,
    ],
    "type": "Identifier",
    "value": "r1",
  },
  {
    "loc": {
      "end": {
        "column": 12,
        "line": 2,
      },
      "start": {
        "column": 11,
        "line": 2,
      },
    },
    "range": [
      31,
      32,
    ],
    "type": "Punctuator",
    "value": "=",
  },
  {
    "loc": {
      "end": {
        "column": 16,
        "line": 2,
      },
      "start": {
        "column": 13,
        "line": 2,
      },
    },
    "range": [
      33,
      36,
    ],
    "type": "Identifier",
    "value": "ref",
  },
  {
    "loc": {
      "end": {
        "column": 17,
        "line": 2,
      },
      "start": {
        "column": 16,
        "line": 2,
      },
    },
    "range": [
      36,
      37,
    ],
    "type": "Punctuator",
    "value": "(",
  },
  {
    "loc": {
      "end": {
        "column": 21,
        "line": 2,
      },
      "start": {
        "column": 17,
        "line": 2,
      },
    },
    "range": [
      37,
      41,
    ],
    "type": "Identifier",
    "value": "Math",
  },
  {
    "loc": {
      "end": {
        "column": 22,
        "line": 2,
      },
      "start": {
        "column": 21,
        "line": 2,
      },
    },
    "range": [
      41,
      42,
    ],
    "type": "Punctuator",
    "value": ".",
  },
  {
    "loc": {
      "end": {
        "column": 28,
        "line": 2,
      },
      "start": {
        "column": 22,
        "line": 2,
      },
    },
    "range": [
      42,
      48,
    ],
    "type": "Identifier",
    "value": "random",
  },
  {
    "loc": {
      "end": {
        "column": 29,
        "line": 2,
      },
      "start": {
        "column": 28,
        "line": 2,
      },
    },
    "range": [
      48,
      49,
    ],
    "type": "Punctuator",
    "value": "(",
  },
  {
    "loc": {
      "end": {
        "column": 30,
        "line": 2,
      },
      "start": {
        "column": 29,
        "line": 2,
      },
    },
    "range": [
      49,
      50,
    ],
    "type": "Punctuator",
    "value": ")",
  },
  {
    "loc": {
      "end": {
        "column": 32,
        "line": 2,
      },
      "start": {
        "column": 31,
        "line": 2,
      },
    },
    "range": [
      51,
      52,
    ],
    "type": "Punctuator",
    "value": "*",
  },
  {
    "loc": {
      "end": {
        "column": 35,
        "line": 2,
      },
      "start": {
        "column": 33,
        "line": 2,
      },
    },
    "range": [
      53,
      55,
    ],
    "type": "Numeric",
    "value": "10",
  },
  {
    "loc": {
      "end": {
        "column": 36,
        "line": 2,
      },
      "start": {
        "column": 35,
        "line": 2,
      },
    },
    "range": [
      55,
      56,
    ],
    "type": "Punctuator",
    "value": ")",
  },
  {
    "loc": {
      "end": {
        "column": 7,
        "line": 3,
      },
      "start": {
        "column": 2,
        "line": 3,
      },
    },
    "range": [
      59,
      64,
    ],
    "type": "Keyword",
    "value": "const",
  },
  {
    "loc": {
      "end": {
        "column": 10,
        "line": 3,
      },
      "start": {
        "column": 8,
        "line": 3,
      },
    },
    "range": [
      65,
      67,
    ],
    "type": "Identifier",
    "value": "r2",
  },
  {
    "loc": {
      "end": {
        "column": 12,
        "line": 3,
      },
      "start": {
        "column": 11,
        "line": 3,
      },
    },
    "range": [
      68,
      69,
    ],
    "type": "Punctuator",
    "value": "=",
  },
  {
    "loc": {
      "end": {
        "column": 16,
        "line": 3,
      },
      "start": {
        "column": 13,
        "line": 3,
      },
    },
    "range": [
      70,
      73,
    ],
    "type": "Identifier",
    "value": "ref",
  },
  {
    "loc": {
      "end": {
        "column": 17,
        "line": 3,
      },
      "start": {
        "column": 16,
        "line": 3,
      },
    },
    "range": [
      73,
      74,
    ],
    "type": "Punctuator",
    "value": "(",
  },
  {
    "loc": {
      "end": {
        "column": 21,
        "line": 3,
      },
      "start": {
        "column": 17,
        "line": 3,
      },
    },
    "range": [
      74,
      78,
    ],
    "type": "Identifier",
    "value": "Math",
  },
  {
    "loc": {
      "end": {
        "column": 22,
        "line": 3,
      },
      "start": {
        "column": 21,
        "line": 3,
      },
    },
    "range": [
      78,
      79,
    ],
    "type": "Punctuator",
    "value": ".",
  },
  {
    "loc": {
      "end": {
        "column": 28,
        "line": 3,
      },
      "start": {
        "column": 22,
        "line": 3,
      },
    },
    "range": [
      79,
      85,
    ],
    "type": "Identifier",
    "value": "random",
  },
  {
    "loc": {
      "end": {
        "column": 29,
        "line": 3,
      },
      "start": {
        "column": 28,
        "line": 3,
      },
    },
    "range": [
      85,
      86,
    ],
    "type": "Punctuator",
    "value": "(",
  },
  {
    "loc": {
      "end": {
        "column": 30,
        "line": 3,
      },
      "start": {
        "column": 29,
        "line": 3,
      },
    },
    "range": [
      86,
      87,
    ],
    "type": "Punctuator",
    "value": ")",
  },
  {
    "loc": {
      "end": {
        "column": 32,
        "line": 3,
      },
      "start": {
        "column": 31,
        "line": 3,
      },
    },
    "range": [
      88,
      89,
    ],
    "type": "Punctuator",
    "value": "*",
  },
  {
    "loc": {
      "end": {
        "column": 36,
        "line": 3,
      },
      "start": {
        "column": 33,
        "line": 3,
      },
    },
    "range": [
      90,
      93,
    ],
    "type": "Numeric",
    "value": "100",
  },
  {
    "loc": {
      "end": {
        "column": 37,
        "line": 3,
      },
      "start": {
        "column": 36,
        "line": 3,
      },
    },
    "range": [
      93,
      94,
    ],
    "type": "Punctuator",
    "value": ")",
  },
  {
    "loc": {
      "end": {
        "column": 7,
        "line": 4,
      },
      "start": {
        "column": 2,
        "line": 4,
      },
    },
    "range": [
      97,
      102,
    ],
    "type": "Keyword",
    "value": "const",
  },
  {
    "loc": {
      "end": {
        "column": 12,
        "line": 4,
      },
      "start": {
        "column": 8,
        "line": 4,
      },
    },
    "range": [
      103,
      107,
    ],
    "type": "Identifier",
    "value": "rArr",
  },
  {
    "loc": {
      "end": {
        "column": 14,
        "line": 4,
      },
      "start": {
        "column": 13,
        "line": 4,
      },
    },
    "range": [
      108,
      109,
    ],
    "type": "Punctuator",
    "value": "=",
  },
  {
    "loc": {
      "end": {
        "column": 20,
        "line": 4,
      },
      "start": {
        "column": 15,
        "line": 4,
      },
    },
    "range": [
      110,
      115,
    ],
    "type": "Identifier",
    "value": "Array",
  },
  {
    "loc": {
      "end": {
        "column": 21,
        "line": 4,
      },
      "start": {
        "column": 20,
        "line": 4,
      },
    },
    "range": [
      115,
      116,
    ],
    "type": "Punctuator",
    "value": ".",
  },
  {
    "loc": {
      "end": {
        "column": 25,
        "line": 4,
      },
      "start": {
        "column": 21,
        "line": 4,
      },
    },
    "range": [
      116,
      120,
    ],
    "type": "Identifier",
    "value": "from",
  },
  {
    "loc": {
      "end": {
        "column": 26,
        "line": 4,
      },
      "start": {
        "column": 25,
        "line": 4,
      },
    },
    "range": [
      120,
      121,
    ],
    "type": "Punctuator",
    "value": "(",
  },
  {
    "loc": {
      "end": {
        "column": 27,
        "line": 4,
      },
      "start": {
        "column": 26,
        "line": 4,
      },
    },
    "range": [
      121,
      122,
    ],
    "type": "Punctuator",
    "value": "{",
  },
  {
    "loc": {
      "end": {
        "column": 34,
        "line": 4,
      },
      "start": {
        "column": 28,
        "line": 4,
      },
    },
    "range": [
      123,
      129,
    ],
    "type": "Identifier",
    "value": "length",
  },
  {
    "loc": {
      "end": {
        "column": 35,
        "line": 4,
      },
      "start": {
        "column": 34,
        "line": 4,
      },
    },
    "range": [
      129,
      130,
    ],
    "type": "Punctuator",
    "value": ":",
  },
  {
    "loc": {
      "end": {
        "column": 38,
        "line": 4,
      },
      "start": {
        "column": 36,
        "line": 4,
      },
    },
    "range": [
      131,
      133,
    ],
    "type": "Numeric",
    "value": "10",
  },
  {
    "loc": {
      "end": {
        "column": 40,
        "line": 4,
      },
      "start": {
        "column": 39,
        "line": 4,
      },
    },
    "range": [
      134,
      135,
    ],
    "type": "Punctuator",
    "value": "}",
  },
  {
    "loc": {
      "end": {
        "column": 41,
        "line": 4,
      },
      "start": {
        "column": 40,
        "line": 4,
      },
    },
    "range": [
      135,
      136,
    ],
    "type": "Punctuator",
    "value": ",",
  },
  {
    "loc": {
      "end": {
        "column": 43,
        "line": 4,
      },
      "start": {
        "column": 42,
        "line": 4,
      },
    },
    "range": [
      137,
      138,
    ],
    "type": "Punctuator",
    "value": "(",
  },
  {
    "loc": {
      "end": {
        "column": 44,
        "line": 4,
      },
      "start": {
        "column": 43,
        "line": 4,
      },
    },
    "range": [
      138,
      139,
    ],
    "type": "Punctuator",
    "value": ")",
  },
  {
    "loc": {
      "end": {
        "column": 47,
        "line": 4,
      },
      "start": {
        "column": 45,
        "line": 4,
      },
    },
    "range": [
      140,
      142,
    ],
    "type": "Punctuator",
    "value": "=>",
  },
  {
    "loc": {
      "end": {
        "column": 52,
        "line": 4,
      },
      "start": {
        "column": 48,
        "line": 4,
      },
    },
    "range": [
      143,
      147,
    ],
    "type": "Identifier",
    "value": "Math",
  },
  {
    "loc": {
      "end": {
        "column": 53,
        "line": 4,
      },
      "start": {
        "column": 52,
        "line": 4,
      },
    },
    "range": [
      147,
      148,
    ],
    "type": "Punctuator",
    "value": ".",
  },
  {
    "loc": {
      "end": {
        "column": 59,
        "line": 4,
      },
      "start": {
        "column": 53,
        "line": 4,
      },
    },
    "range": [
      148,
      154,
    ],
    "type": "Identifier",
    "value": "random",
  },
  {
    "loc": {
      "end": {
        "column": 60,
        "line": 4,
      },
      "start": {
        "column": 59,
        "line": 4,
      },
    },
    "range": [
      154,
      155,
    ],
    "type": "Punctuator",
    "value": "(",
  },
  {
    "loc": {
      "end": {
        "column": 61,
        "line": 4,
      },
      "start": {
        "column": 60,
        "line": 4,
      },
    },
    "range": [
      155,
      156,
    ],
    "type": "Punctuator",
    "value": ")",
  },
  {
    "loc": {
      "end": {
        "column": 63,
        "line": 4,
      },
      "start": {
        "column": 62,
        "line": 4,
      },
    },
    "range": [
      157,
      158,
    ],
    "type": "Punctuator",
    "value": "*",
  },
  {
    "loc": {
      "end": {
        "column": 67,
        "line": 4,
      },
      "start": {
        "column": 64,
        "line": 4,
      },
    },
    "range": [
      159,
      162,
    ],
    "type": "Numeric",
    "value": "100",
  },
  {
    "loc": {
      "end": {
        "column": 68,
        "line": 4,
      },
      "start": {
        "column": 67,
        "line": 4,
      },
    },
    "range": [
      162,
      163,
    ],
    "type": "Punctuator",
    "value": ")",
  },
  {
    "loc": {
      "end": {
        "column": 7,
        "line": 5,
      },
      "start": {
        "column": 2,
        "line": 5,
      },
    },
    "range": [
      166,
      171,
    ],
    "type": "Keyword",
    "value": "const",
  },
  {
    "loc": {
      "end": {
        "column": 10,
        "line": 5,
      },
      "start": {
        "column": 8,
        "line": 5,
      },
    },
    "range": [
      172,
      174,
    ],
    "type": "Identifier",
    "value": "f1",
  },
  {
    "loc": {
      "end": {
        "column": 12,
        "line": 5,
      },
      "start": {
        "column": 11,
        "line": 5,
      },
    },
    "range": [
      175,
      176,
    ],
    "type": "Punctuator",
    "value": "=",
  },
  {
    "loc": {
      "end": {
        "column": 14,
        "line": 5,
      },
      "start": {
        "column": 13,
        "line": 5,
      },
    },
    "range": [
      177,
      178,
    ],
    "type": "Punctuator",
    "value": "(",
  },
  {
    "loc": {
      "end": {
        "column": 15,
        "line": 5,
      },
      "start": {
        "column": 14,
        "line": 5,
      },
    },
    "range": [
      178,
      179,
    ],
    "type": "Punctuator",
    "value": ")",
  },
  {
    "loc": {
      "end": {
        "column": 18,
        "line": 5,
      },
      "start": {
        "column": 16,
        "line": 5,
      },
    },
    "range": [
      180,
      182,
    ],
    "type": "Punctuator",
    "value": "=>",
  },
  {
    "loc": {
      "end": {
        "column": 20,
        "line": 5,
      },
      "start": {
        "column": 19,
        "line": 5,
      },
    },
    "range": [
      183,
      184,
    ],
    "type": "Punctuator",
    "value": "{",
  },
  {
    "loc": {
      "end": {
        "column": 11,
        "line": 6,
      },
      "start": {
        "column": 4,
        "line": 6,
      },
    },
    "range": [
      189,
      196,
    ],
    "type": "Identifier",
    "value": "console",
  },
  {
    "loc": {
      "end": {
        "column": 12,
        "line": 6,
      },
      "start": {
        "column": 11,
        "line": 6,
      },
    },
    "range": [
      196,
      197,
    ],
    "type": "Punctuator",
    "value": ".",
  },
  {
    "loc": {
      "end": {
        "column": 15,
        "line": 6,
      },
      "start": {
        "column": 12,
        "line": 6,
      },
    },
    "range": [
      197,
      200,
    ],
    "type": "Identifier",
    "value": "log",
  },
  {
    "loc": {
      "end": {
        "column": 16,
        "line": 6,
      },
      "start": {
        "column": 15,
        "line": 6,
      },
    },
    "range": [
      200,
      201,
    ],
    "type": "Punctuator",
    "value": "(",
  },
  {
    "loc": {
      "end": {
        "column": 27,
        "line": 6,
      },
      "start": {
        "column": 16,
        "line": 6,
      },
    },
    "range": [
      201,
      212,
    ],
    "type": "String",
    "value": "'f1: hello'",
  },
  {
    "loc": {
      "end": {
        "column": 28,
        "line": 6,
      },
      "start": {
        "column": 27,
        "line": 6,
      },
    },
    "range": [
      212,
      213,
    ],
    "type": "Punctuator",
    "value": ")",
  },
  {
    "loc": {
      "end": {
        "column": 3,
        "line": 7,
      },
      "start": {
        "column": 2,
        "line": 7,
      },
    },
    "range": [
      216,
      217,
    ],
    "type": "Punctuator",
    "value": "}",
  },
  {
    "loc": {
      "end": {
        "column": 8,
        "line": 9,
      },
      "start": {
        "column": 2,
        "line": 9,
      },
    },
    "range": [
      221,
      227,
    ],
    "type": "Keyword",
    "value": "return",
  },
  {
    "loc": {
      "end": {
        "column": 4,
        "line": 18,
      },
      "start": {
        "column": 14,
        "line": 17,
      },
    },
    "range": [
      233,
      238,
    ],
    "type": "HTMLWhitespace",
    "value": "
    ",
  },
  {
    "loc": {
      "end": {
        "column": 8,
        "line": 10,
      },
      "start": {
        "column": 4,
        "line": 18,
      },
    },
    "range": [
      238,
      242,
    ],
    "type": "HTMLTagOpen",
    "value": "div",
  },
  {
    "loc": {
      "end": {
        "column": 14,
        "line": 10,
      },
      "start": {
        "column": 9,
        "line": 10,
      },
    },
    "range": [
      243,
      248,
    ],
    "type": "HTMLIdentifier",
    "value": "class",
  },
  {
    "loc": {
      "end": {
        "column": 15,
        "line": 10,
      },
      "start": {
        "column": 14,
        "line": 10,
      },
    },
    "range": [
      248,
      249,
    ],
    "type": "HTMLAssociation",
    "value": "",
  },
  {
    "loc": {
      "end": {
        "column": 24,
        "line": 10,
      },
      "start": {
        "column": 15,
        "line": 10,
      },
    },
    "range": [
      249,
      258,
    ],
    "type": "HTMLLiteral",
    "value": "my-comp",
  },
  {
    "loc": {
      "end": {
        "column": 31,
        "line": 10,
      },
      "start": {
        "column": 25,
        "line": 10,
      },
    },
    "range": [
      259,
      265,
    ],
    "type": "HTMLIdentifier",
    "value": ":class",
  },
  {
    "loc": {
      "end": {
        "column": 32,
        "line": 10,
      },
      "start": {
        "column": 31,
        "line": 10,
      },
    },
    "range": [
      265,
      266,
    ],
    "type": "HTMLAssociation",
    "value": "",
  },
  {
    "loc": {
      "end": {
        "column": 63,
        "line": 10,
      },
      "start": {
        "column": 32,
        "line": 10,
      },
    },
    "range": [
      266,
      297,
    ],
    "type": "HTMLLiteral",
    "value": "r1 > 5 ? 'bg-red' : 'bg-blue'",
  },
  {
    "loc": {
      "end": {
        "column": 64,
        "line": 18,
      },
      "start": {
        "column": 63,
        "line": 10,
      },
    },
    "range": [
      297,
      298,
    ],
    "type": "HTMLTagClose",
    "value": "",
  },
  {
    "loc": {
      "end": {
        "column": 6,
        "line": 19,
      },
      "start": {
        "column": 64,
        "line": 18,
      },
    },
    "range": [
      298,
      305,
    ],
    "type": "HTMLWhitespace",
    "value": "
      ",
  },
  {
    "loc": {
      "end": {
        "column": 8,
        "line": 11,
      },
      "start": {
        "column": 6,
        "line": 19,
      },
    },
    "range": [
      305,
      307,
    ],
    "type": "HTMLTagOpen",
    "value": "p",
  },
  {
    "loc": {
      "end": {
        "column": 13,
        "line": 11,
      },
      "start": {
        "column": 9,
        "line": 11,
      },
    },
    "range": [
      308,
      312,
    ],
    "type": "HTMLIdentifier",
    "value": "v-if",
  },
  {
    "loc": {
      "end": {
        "column": 14,
        "line": 11,
      },
      "start": {
        "column": 13,
        "line": 11,
      },
    },
    "range": [
      312,
      313,
    ],
    "type": "HTMLAssociation",
    "value": "",
  },
  {
    "loc": {
      "end": {
        "column": 23,
        "line": 11,
      },
      "start": {
        "column": 14,
        "line": 11,
      },
    },
    "range": [
      313,
      322,
    ],
    "type": "HTMLLiteral",
    "value": "r2 > 50",
  },
  {
    "loc": {
      "end": {
        "column": 24,
        "line": 19,
      },
      "start": {
        "column": 23,
        "line": 11,
      },
    },
    "range": [
      322,
      323,
    ],
    "type": "HTMLTagClose",
    "value": "",
  },
  {
    "loc": {
      "end": {
        "column": 26,
        "line": 11,
      },
      "start": {
        "column": 24,
        "line": 19,
      },
    },
    "range": [
      323,
      325,
    ],
    "type": "HTMLText",
    "value": "r2",
  },
  {
    "loc": {
      "end": {
        "column": 27,
        "line": 11,
      },
      "start": {
        "column": 26,
        "line": 11,
      },
    },
    "range": [
      325,
      326,
    ],
    "type": "HTMLWhitespace",
    "value": " ",
  },
  {
    "loc": {
      "end": {
        "column": 29,
        "line": 11,
      },
      "start": {
        "column": 27,
        "line": 11,
      },
    },
    "range": [
      326,
      328,
    ],
    "type": "HTMLText",
    "value": "is",
  },
  {
    "loc": {
      "end": {
        "column": 30,
        "line": 11,
      },
      "start": {
        "column": 29,
        "line": 11,
      },
    },
    "range": [
      328,
      329,
    ],
    "type": "HTMLWhitespace",
    "value": " ",
  },
  {
    "loc": {
      "end": {
        "column": 37,
        "line": 11,
      },
      "start": {
        "column": 30,
        "line": 11,
      },
    },
    "range": [
      329,
      336,
    ],
    "type": "HTMLText",
    "value": "greater",
  },
  {
    "loc": {
      "end": {
        "column": 38,
        "line": 11,
      },
      "start": {
        "column": 37,
        "line": 11,
      },
    },
    "range": [
      336,
      337,
    ],
    "type": "HTMLWhitespace",
    "value": " ",
  },
  {
    "loc": {
      "end": {
        "column": 42,
        "line": 11,
      },
      "start": {
        "column": 38,
        "line": 11,
      },
    },
    "range": [
      337,
      341,
    ],
    "type": "HTMLText",
    "value": "than",
  },
  {
    "loc": {
      "end": {
        "column": 43,
        "line": 11,
      },
      "start": {
        "column": 42,
        "line": 11,
      },
    },
    "range": [
      341,
      342,
    ],
    "type": "HTMLWhitespace",
    "value": " ",
  },
  {
    "loc": {
      "end": {
        "column": 45,
        "line": 19,
      },
      "start": {
        "column": 43,
        "line": 11,
      },
    },
    "range": [
      342,
      344,
    ],
    "type": "HTMLText",
    "value": "50",
  },
  {
    "loc": {
      "end": {
        "column": 48,
        "line": 11,
      },
      "start": {
        "column": 45,
        "line": 19,
      },
    },
    "range": [
      344,
      347,
    ],
    "type": "HTMLEndTagOpen",
    "value": "p",
  },
  {
    "loc": {
      "end": {
        "column": 49,
        "line": 19,
      },
      "start": {
        "column": 48,
        "line": 11,
      },
    },
    "range": [
      347,
      348,
    ],
    "type": "HTMLTagClose",
    "value": "",
  },
  {
    "loc": {
      "end": {
        "column": 6,
        "line": 20,
      },
      "start": {
        "column": 49,
        "line": 19,
      },
    },
    "range": [
      348,
      355,
    ],
    "type": "HTMLWhitespace",
    "value": "
      ",
  },
  {
    "loc": {
      "end": {
        "column": 8,
        "line": 12,
      },
      "start": {
        "column": 6,
        "line": 20,
      },
    },
    "range": [
      355,
      357,
    ],
    "type": "HTMLTagOpen",
    "value": "p",
  },
  {
    "loc": {
      "end": {
        "column": 15,
        "line": 12,
      },
      "start": {
        "column": 9,
        "line": 12,
      },
    },
    "range": [
      358,
      364,
    ],
    "type": "HTMLIdentifier",
    "value": "v-else",
  },
  {
    "loc": {
      "end": {
        "column": 16,
        "line": 20,
      },
      "start": {
        "column": 15,
        "line": 12,
      },
    },
    "range": [
      364,
      365,
    ],
    "type": "HTMLTagClose",
    "value": "",
  },
  {
    "loc": {
      "end": {
        "column": 18,
        "line": 12,
      },
      "start": {
        "column": 16,
        "line": 20,
      },
    },
    "range": [
      365,
      367,
    ],
    "type": "HTMLText",
    "value": "r2",
  },
  {
    "loc": {
      "end": {
        "column": 19,
        "line": 12,
      },
      "start": {
        "column": 18,
        "line": 12,
      },
    },
    "range": [
      367,
      368,
    ],
    "type": "HTMLWhitespace",
    "value": " ",
  },
  {
    "loc": {
      "end": {
        "column": 21,
        "line": 12,
      },
      "start": {
        "column": 19,
        "line": 12,
      },
    },
    "range": [
      368,
      370,
    ],
    "type": "HTMLText",
    "value": "is",
  },
  {
    "loc": {
      "end": {
        "column": 22,
        "line": 12,
      },
      "start": {
        "column": 21,
        "line": 12,
      },
    },
    "range": [
      370,
      371,
    ],
    "type": "HTMLWhitespace",
    "value": " ",
  },
  {
    "loc": {
      "end": {
        "column": 26,
        "line": 12,
      },
      "start": {
        "column": 22,
        "line": 12,
      },
    },
    "range": [
      371,
      375,
    ],
    "type": "HTMLText",
    "value": "less",
  },
  {
    "loc": {
      "end": {
        "column": 27,
        "line": 12,
      },
      "start": {
        "column": 26,
        "line": 12,
      },
    },
    "range": [
      375,
      376,
    ],
    "type": "HTMLWhitespace",
    "value": " ",
  },
  {
    "loc": {
      "end": {
        "column": 31,
        "line": 12,
      },
      "start": {
        "column": 27,
        "line": 12,
      },
    },
    "range": [
      376,
      380,
    ],
    "type": "HTMLText",
    "value": "than",
  },
  {
    "loc": {
      "end": {
        "column": 32,
        "line": 12,
      },
      "start": {
        "column": 31,
        "line": 12,
      },
    },
    "range": [
      380,
      381,
    ],
    "type": "HTMLWhitespace",
    "value": " ",
  },
  {
    "loc": {
      "end": {
        "column": 34,
        "line": 20,
      },
      "start": {
        "column": 32,
        "line": 12,
      },
    },
    "range": [
      381,
      383,
    ],
    "type": "HTMLText",
    "value": "50",
  },
  {
    "loc": {
      "end": {
        "column": 37,
        "line": 12,
      },
      "start": {
        "column": 34,
        "line": 20,
      },
    },
    "range": [
      383,
      386,
    ],
    "type": "HTMLEndTagOpen",
    "value": "p",
  },
  {
    "loc": {
      "end": {
        "column": 38,
        "line": 20,
      },
      "start": {
        "column": 37,
        "line": 12,
      },
    },
    "range": [
      386,
      387,
    ],
    "type": "HTMLTagClose",
    "value": "",
  },
  {
    "loc": {
      "end": {
        "column": 6,
        "line": 21,
      },
      "start": {
        "column": 38,
        "line": 20,
      },
    },
    "range": [
      387,
      394,
    ],
    "type": "HTMLWhitespace",
    "value": "
      ",
  },
  {
    "loc": {
      "end": {
        "column": 9,
        "line": 13,
      },
      "start": {
        "column": 6,
        "line": 21,
      },
    },
    "range": [
      394,
      397,
    ],
    "type": "HTMLTagOpen",
    "value": "ul",
  },
  {
    "loc": {
      "end": {
        "column": 15,
        "line": 13,
      },
      "start": {
        "column": 10,
        "line": 13,
      },
    },
    "range": [
      398,
      403,
    ],
    "type": "HTMLIdentifier",
    "value": "class",
  },
  {
    "loc": {
      "end": {
        "column": 16,
        "line": 13,
      },
      "start": {
        "column": 15,
        "line": 13,
      },
    },
    "range": [
      403,
      404,
    ],
    "type": "HTMLAssociation",
    "value": "",
  },
  {
    "loc": {
      "end": {
        "column": 26,
        "line": 13,
      },
      "start": {
        "column": 16,
        "line": 13,
      },
    },
    "range": [
      404,
      414,
    ],
    "type": "HTMLLiteral",
    "value": "num-list",
  },
  {
    "loc": {
      "end": {
        "column": 27,
        "line": 21,
      },
      "start": {
        "column": 26,
        "line": 13,
      },
    },
    "range": [
      414,
      415,
    ],
    "type": "HTMLTagClose",
    "value": "",
  },
  {
    "loc": {
      "end": {
        "column": 8,
        "line": 22,
      },
      "start": {
        "column": 27,
        "line": 21,
      },
    },
    "range": [
      415,
      424,
    ],
    "type": "HTMLWhitespace",
    "value": "
        ",
  },
  {
    "loc": {
      "end": {
        "column": 11,
        "line": 14,
      },
      "start": {
        "column": 8,
        "line": 22,
      },
    },
    "range": [
      424,
      427,
    ],
    "type": "HTMLTagOpen",
    "value": "li",
  },
  {
    "loc": {
      "end": {
        "column": 17,
        "line": 14,
      },
      "start": {
        "column": 12,
        "line": 14,
      },
    },
    "range": [
      428,
      433,
    ],
    "type": "HTMLIdentifier",
    "value": "v-for",
  },
  {
    "loc": {
      "end": {
        "column": 18,
        "line": 14,
      },
      "start": {
        "column": 17,
        "line": 14,
      },
    },
    "range": [
      433,
      434,
    ],
    "type": "HTMLAssociation",
    "value": "",
  },
  {
    "loc": {
      "end": {
        "column": 29,
        "line": 14,
      },
      "start": {
        "column": 18,
        "line": 14,
      },
    },
    "range": [
      434,
      445,
    ],
    "type": "HTMLLiteral",
    "value": "r of rArr",
  },
  {
    "loc": {
      "end": {
        "column": 34,
        "line": 14,
      },
      "start": {
        "column": 30,
        "line": 14,
      },
    },
    "range": [
      446,
      450,
    ],
    "type": "HTMLIdentifier",
    "value": ":key",
  },
  {
    "loc": {
      "end": {
        "column": 35,
        "line": 14,
      },
      "start": {
        "column": 34,
        "line": 14,
      },
    },
    "range": [
      450,
      451,
    ],
    "type": "HTMLAssociation",
    "value": "",
  },
  {
    "loc": {
      "end": {
        "column": 38,
        "line": 14,
      },
      "start": {
        "column": 35,
        "line": 14,
      },
    },
    "range": [
      451,
      454,
    ],
    "type": "HTMLLiteral",
    "value": "r",
  },
  {
    "loc": {
      "end": {
        "column": 39,
        "line": 22,
      },
      "start": {
        "column": 38,
        "line": 14,
      },
    },
    "range": [
      454,
      455,
    ],
    "type": "HTMLTagClose",
    "value": "",
  },
  {
    "loc": {
      "end": {
        "column": 41,
        "line": 14,
      },
      "start": {
        "column": 39,
        "line": 22,
      },
    },
    "range": [
      455,
      457,
    ],
    "type": "HTMLText",
    "value": "{{",
  },
  {
    "loc": {
      "end": {
        "column": 42,
        "line": 14,
      },
      "start": {
        "column": 41,
        "line": 14,
      },
    },
    "range": [
      457,
      458,
    ],
    "type": "HTMLWhitespace",
    "value": " ",
  },
  {
    "loc": {
      "end": {
        "column": 43,
        "line": 14,
      },
      "start": {
        "column": 42,
        "line": 14,
      },
    },
    "range": [
      458,
      459,
    ],
    "type": "HTMLText",
    "value": "r",
  },
  {
    "loc": {
      "end": {
        "column": 44,
        "line": 14,
      },
      "start": {
        "column": 43,
        "line": 14,
      },
    },
    "range": [
      459,
      460,
    ],
    "type": "HTMLWhitespace",
    "value": " ",
  },
  {
    "loc": {
      "end": {
        "column": 46,
        "line": 22,
      },
      "start": {
        "column": 44,
        "line": 14,
      },
    },
    "range": [
      460,
      462,
    ],
    "type": "HTMLText",
    "value": "}}",
  },
  {
    "loc": {
      "end": {
        "column": 50,
        "line": 14,
      },
      "start": {
        "column": 46,
        "line": 22,
      },
    },
    "range": [
      462,
      466,
    ],
    "type": "HTMLEndTagOpen",
    "value": "li",
  },
  {
    "loc": {
      "end": {
        "column": 51,
        "line": 22,
      },
      "start": {
        "column": 50,
        "line": 14,
      },
    },
    "range": [
      466,
      467,
    ],
    "type": "HTMLTagClose",
    "value": "",
  },
  {
    "loc": {
      "end": {
        "column": 6,
        "line": 23,
      },
      "start": {
        "column": 51,
        "line": 22,
      },
    },
    "range": [
      467,
      474,
    ],
    "type": "HTMLWhitespace",
    "value": "
      ",
  },
  {
    "loc": {
      "end": {
        "column": 10,
        "line": 15,
      },
      "start": {
        "column": 6,
        "line": 23,
      },
    },
    "range": [
      474,
      478,
    ],
    "type": "HTMLEndTagOpen",
    "value": "ul",
  },
  {
    "loc": {
      "end": {
        "column": 11,
        "line": 23,
      },
      "start": {
        "column": 10,
        "line": 15,
      },
    },
    "range": [
      478,
      479,
    ],
    "type": "HTMLTagClose",
    "value": "",
  },
  {
    "loc": {
      "end": {
        "column": 6,
        "line": 24,
      },
      "start": {
        "column": 11,
        "line": 23,
      },
    },
    "range": [
      479,
      486,
    ],
    "type": "HTMLWhitespace",
    "value": "
      ",
  },
  {
    "loc": {
      "end": {
        "column": 13,
        "line": 16,
      },
      "start": {
        "column": 6,
        "line": 24,
      },
    },
    "range": [
      486,
      493,
    ],
    "type": "HTMLTagOpen",
    "value": "button",
  },
  {
    "loc": {
      "end": {
        "column": 20,
        "line": 16,
      },
      "start": {
        "column": 14,
        "line": 16,
      },
    },
    "range": [
      494,
      500,
    ],
    "type": "HTMLIdentifier",
    "value": "@click",
  },
  {
    "loc": {
      "end": {
        "column": 21,
        "line": 16,
      },
      "start": {
        "column": 20,
        "line": 16,
      },
    },
    "range": [
      500,
      501,
    ],
    "type": "HTMLAssociation",
    "value": "",
  },
  {
    "loc": {
      "end": {
        "column": 25,
        "line": 16,
      },
      "start": {
        "column": 21,
        "line": 16,
      },
    },
    "range": [
      501,
      505,
    ],
    "type": "HTMLLiteral",
    "value": "f1",
  },
  {
    "loc": {
      "end": {
        "column": 26,
        "line": 24,
      },
      "start": {
        "column": 25,
        "line": 16,
      },
    },
    "range": [
      505,
      506,
    ],
    "type": "HTMLTagClose",
    "value": "",
  },
  {
    "loc": {
      "end": {
        "column": 29,
        "line": 16,
      },
      "start": {
        "column": 26,
        "line": 24,
      },
    },
    "range": [
      506,
      509,
    ],
    "type": "HTMLText",
    "value": "Log",
  },
  {
    "loc": {
      "end": {
        "column": 30,
        "line": 16,
      },
      "start": {
        "column": 29,
        "line": 16,
      },
    },
    "range": [
      509,
      510,
    ],
    "type": "HTMLWhitespace",
    "value": " ",
  },
  {
    "loc": {
      "end": {
        "column": 39,
        "line": 16,
      },
      "start": {
        "column": 30,
        "line": 16,
      },
    },
    "range": [
      510,
      519,
    ],
    "type": "HTMLText",
    "value": "something",
  },
  {
    "loc": {
      "end": {
        "column": 40,
        "line": 16,
      },
      "start": {
        "column": 39,
        "line": 16,
      },
    },
    "range": [
      519,
      520,
    ],
    "type": "HTMLWhitespace",
    "value": " ",
  },
  {
    "loc": {
      "end": {
        "column": 43,
        "line": 24,
      },
      "start": {
        "column": 40,
        "line": 16,
      },
    },
    "range": [
      520,
      523,
    ],
    "type": "HTMLText",
    "value": "...",
  },
  {
    "loc": {
      "end": {
        "column": 51,
        "line": 16,
      },
      "start": {
        "column": 43,
        "line": 24,
      },
    },
    "range": [
      523,
      531,
    ],
    "type": "HTMLEndTagOpen",
    "value": "button",
  },
  {
    "loc": {
      "end": {
        "column": 52,
        "line": 24,
      },
      "start": {
        "column": 51,
        "line": 16,
      },
    },
    "range": [
      531,
      532,
    ],
    "type": "HTMLTagClose",
    "value": "",
  },
  {
    "loc": {
      "end": {
        "column": 4,
        "line": 25,
      },
      "start": {
        "column": 52,
        "line": 24,
      },
    },
    "range": [
      532,
      537,
    ],
    "type": "HTMLWhitespace",
    "value": "
    ",
  },
  {
    "loc": {
      "end": {
        "column": 9,
        "line": 17,
      },
      "start": {
        "column": 4,
        "line": 25,
      },
    },
    "range": [
      537,
      542,
    ],
    "type": "HTMLEndTagOpen",
    "value": "div",
  },
  {
    "loc": {
      "end": {
        "column": 10,
        "line": 25,
      },
      "start": {
        "column": 9,
        "line": 17,
      },
    },
    "range": [
      542,
      543,
    ],
    "type": "HTMLTagClose",
    "value": "",
  },
  {
    "loc": {
      "end": {
        "column": 2,
        "line": 26,
      },
      "start": {
        "column": 10,
        "line": 25,
      },
    },
    "range": [
      543,
      546,
    ],
    "type": "HTMLWhitespace",
    "value": "
  ",
  },
  {
    "loc": {
      "end": {
        "column": 1,
        "line": 19,
      },
      "start": {
        "column": 0,
        "line": 19,
      },
    },
    "range": [
      548,
      549,
    ],
    "type": "Punctuator",
    "value": "}",
  },
]
`;
